--------------------------------------------------------------------------------
Release 14.7 Trace  (nt64)
Copyright (c) 1995-2013 Xilinx, Inc.  All rights reserved.

D:\Xilinx\14.7\ISE_DS\ISE\bin\nt64\unwrapped\trce.exe -intstyle ise -o
mojo_top_0.twr -v 30 -l 30 mojo_top_0_routed.ncd mojo_top_0.pcf

Design file:              mojo_top_0_routed.ncd
Physical constraint file: mojo_top_0.pcf
Device,package,speed:     xc6slx9,tqg144,C,-2 (PRODUCTION 1.23 2013-10-13)
Report level:             verbose report, limited to 30 items per constraint

Environment Variable      Effect 
--------------------      ------ 
NONE                      No environment variables were set
--------------------------------------------------------------------------------

INFO:Timing:2698 - No timing constraints found, doing default enumeration.
INFO:Timing:3412 - To improve timing, see the Timing Closure User Guide (UG612).
INFO:Timing:2752 - To get complete path coverage, use the unconstrained paths 
   option. All paths that are not constrained will be reported in the 
   unconstrained paths section(s) of the report.
INFO:Timing:3339 - The clock-to-out numbers in this timing report are based on 
   a 50 Ohm transmission line loading model.  For the details of this model, 
   and for more information on accounting for different loading conditions, 
   please see the device datasheet.



Data Sheet report:
-----------------
All values displayed in nanoseconds (ns)

Pad to Pad
---------------+---------------+---------+
Source Pad     |Destination Pad|  Delay  |
---------------+---------------+---------+
io_dip[0]      |io_led[0]      |    9.266|
io_dip[0]      |led[0]         |   15.413|
io_dip[0]      |led[1]         |   14.161|
io_dip[0]      |led[2]         |   14.124|
io_dip[0]      |led[3]         |   13.875|
io_dip[0]      |led[4]         |   14.014|
io_dip[0]      |led[5]         |   13.728|
io_dip[0]      |led[6]         |   13.570|
io_dip[0]      |led[7]         |   14.286|
io_dip[1]      |io_led[1]      |    9.344|
io_dip[1]      |led[0]         |   15.314|
io_dip[1]      |led[1]         |   14.438|
io_dip[1]      |led[2]         |   14.730|
io_dip[1]      |led[3]         |   14.492|
io_dip[1]      |led[4]         |   14.441|
io_dip[1]      |led[5]         |   14.306|
io_dip[1]      |led[6]         |   14.480|
io_dip[1]      |led[7]         |   14.412|
io_dip[2]      |io_led[2]      |   10.392|
io_dip[2]      |led[0]         |   14.608|
io_dip[2]      |led[1]         |   13.947|
io_dip[2]      |led[2]         |   14.211|
io_dip[2]      |led[3]         |   13.969|
io_dip[2]      |led[4]         |   13.922|
io_dip[2]      |led[5]         |   13.787|
io_dip[2]      |led[6]         |   13.649|
io_dip[2]      |led[7]         |   14.137|
io_dip[3]      |io_led[3]      |   11.394|
io_dip[3]      |led[0]         |   15.144|
io_dip[3]      |led[1]         |   14.132|
io_dip[3]      |led[2]         |   14.294|
io_dip[3]      |led[3]         |   14.672|
io_dip[3]      |led[4]         |   14.247|
io_dip[3]      |led[5]         |   14.362|
io_dip[3]      |led[6]         |   13.481|
io_dip[3]      |led[7]         |   13.694|
io_dip[4]      |io_led[4]      |   10.707|
io_dip[4]      |led[0]         |   14.673|
io_dip[4]      |led[1]         |   13.661|
io_dip[4]      |led[2]         |   13.823|
io_dip[4]      |led[3]         |   14.201|
io_dip[4]      |led[4]         |   13.776|
io_dip[4]      |led[5]         |   13.891|
io_dip[4]      |led[6]         |   13.096|
io_dip[4]      |led[7]         |   13.333|
io_dip[5]      |io_led[5]      |   11.204|
io_dip[5]      |led[0]         |   14.904|
io_dip[5]      |led[1]         |   13.892|
io_dip[5]      |led[2]         |   14.054|
io_dip[5]      |led[3]         |   14.432|
io_dip[5]      |led[4]         |   14.007|
io_dip[5]      |led[5]         |   14.122|
io_dip[5]      |led[6]         |   13.412|
io_dip[5]      |led[7]         |   13.660|
io_dip[6]      |io_led[6]      |   11.442|
io_dip[6]      |led[0]         |   14.923|
io_dip[6]      |led[1]         |   13.911|
io_dip[6]      |led[2]         |   14.073|
io_dip[6]      |led[3]         |   14.451|
io_dip[6]      |led[4]         |   14.026|
io_dip[6]      |led[5]         |   14.141|
io_dip[6]      |led[6]         |   13.487|
io_dip[6]      |led[7]         |   13.731|
io_dip[7]      |io_led[7]      |   11.159|
io_dip[7]      |led[0]         |   14.806|
io_dip[7]      |led[1]         |   13.794|
io_dip[7]      |led[2]         |   13.956|
io_dip[7]      |led[3]         |   14.334|
io_dip[7]      |led[4]         |   13.909|
io_dip[7]      |led[5]         |   14.024|
io_dip[7]      |led[6]         |   13.340|
io_dip[7]      |led[7]         |   13.356|
io_dip[8]      |io_led[8]      |   12.028|
io_dip[8]      |led[0]         |   15.382|
io_dip[8]      |led[1]         |   13.629|
io_dip[8]      |led[2]         |   14.093|
io_dip[8]      |led[3]         |   13.849|
io_dip[8]      |led[4]         |   13.820|
io_dip[8]      |led[5]         |   13.685|
io_dip[8]      |led[6]         |   13.547|
io_dip[8]      |led[7]         |   14.091|
io_dip[9]      |io_led[9]      |   11.130|
io_dip[9]      |led[0]         |   14.147|
io_dip[9]      |led[1]         |   13.731|
io_dip[9]      |led[2]         |   14.152|
io_dip[9]      |led[3]         |   14.016|
io_dip[9]      |led[4]         |   13.810|
io_dip[9]      |led[5]         |   13.681|
io_dip[9]      |led[6]         |   13.824|
io_dip[9]      |led[7]         |   14.542|
io_dip[10]     |io_led[10]     |   10.546|
io_dip[10]     |led[0]         |   13.864|
io_dip[10]     |led[1]         |   13.558|
io_dip[10]     |led[2]         |   14.591|
io_dip[10]     |led[3]         |   14.187|
io_dip[10]     |led[4]         |   13.717|
io_dip[10]     |led[5]         |   13.711|
io_dip[10]     |led[6]         |   13.444|
io_dip[10]     |led[7]         |   13.688|
io_dip[11]     |io_led[11]     |   12.010|
io_dip[11]     |led[0]         |   13.904|
io_dip[11]     |led[1]         |   13.493|
io_dip[11]     |led[2]         |   14.110|
io_dip[11]     |led[3]         |   13.822|
io_dip[11]     |led[4]         |   13.832|
io_dip[11]     |led[5]         |   13.697|
io_dip[11]     |led[6]         |   13.559|
io_dip[11]     |led[7]         |   14.114|
io_dip[12]     |io_led[12]     |   12.637|
io_dip[12]     |led[0]         |   13.952|
io_dip[12]     |led[1]         |   13.466|
io_dip[12]     |led[2]         |   13.998|
io_dip[12]     |led[3]         |   14.072|
io_dip[12]     |led[4]         |   13.712|
io_dip[12]     |led[5]         |   13.563|
io_dip[12]     |led[6]         |   13.895|
io_dip[12]     |led[7]         |   13.794|
io_dip[13]     |io_led[13]     |   10.590|
io_dip[13]     |led[0]         |   13.831|
io_dip[13]     |led[1]         |   13.630|
io_dip[13]     |led[2]         |   13.653|
io_dip[13]     |led[3]         |   13.215|
io_dip[13]     |led[4]         |   12.861|
io_dip[13]     |led[5]         |   13.313|
io_dip[13]     |led[6]         |   13.114|
io_dip[13]     |led[7]         |   13.551|
io_dip[14]     |io_led[14]     |   10.794|
io_dip[14]     |led[0]         |   13.945|
io_dip[14]     |led[1]         |   13.522|
io_dip[14]     |led[2]         |   13.754|
io_dip[14]     |led[3]         |   13.107|
io_dip[14]     |led[4]         |   12.975|
io_dip[14]     |led[5]         |   13.089|
io_dip[14]     |led[6]         |   13.445|
io_dip[14]     |led[7]         |   13.052|
io_dip[15]     |io_led[15]     |   11.572|
io_dip[15]     |led[0]         |   13.396|
io_dip[15]     |led[1]         |   12.867|
io_dip[15]     |led[2]         |   13.583|
io_dip[15]     |led[3]         |   12.623|
io_dip[15]     |led[4]         |   12.426|
io_dip[15]     |led[5]         |   12.446|
io_dip[15]     |led[6]         |   12.290|
io_dip[15]     |led[7]         |   12.847|
io_dip[16]     |io_led[16]     |   11.000|
io_dip[16]     |led[0]         |   16.436|
io_dip[16]     |led[1]         |   14.714|
io_dip[16]     |led[2]         |   15.069|
io_dip[16]     |led[3]         |   15.698|
io_dip[16]     |led[4]         |   14.809|
io_dip[16]     |led[5]         |   14.674|
io_dip[16]     |led[6]         |   14.536|
io_dip[16]     |led[7]         |   14.780|
io_dip[17]     |io_led[17]     |   11.075|
io_dip[17]     |led[0]         |   16.868|
io_dip[17]     |led[1]         |   15.146|
io_dip[17]     |led[2]         |   15.501|
io_dip[17]     |led[3]         |   15.306|
io_dip[17]     |led[4]         |   15.241|
io_dip[17]     |led[5]         |   15.106|
io_dip[17]     |led[6]         |   14.968|
io_dip[17]     |led[7]         |   15.212|
io_dip[18]     |io_led[18]     |   12.259|
io_dip[18]     |led[0]         |   15.825|
io_dip[18]     |led[1]         |   14.750|
io_dip[18]     |led[2]         |   15.384|
io_dip[18]     |led[3]         |   14.994|
io_dip[18]     |led[4]         |   14.556|
io_dip[18]     |led[5]         |   14.743|
io_dip[18]     |led[6]         |   14.275|
io_dip[18]     |led[7]         |   14.607|
io_dip[19]     |io_led[19]     |   11.640|
io_dip[19]     |led[0]         |   15.691|
io_dip[19]     |led[1]         |   14.374|
io_dip[19]     |led[2]         |   14.691|
io_dip[19]     |led[3]         |   14.644|
io_dip[19]     |led[4]         |   14.380|
io_dip[19]     |led[5]         |   14.575|
io_dip[19]     |led[6]         |   14.392|
io_dip[19]     |led[7]         |   14.176|
io_dip[20]     |io_led[20]     |   11.511|
io_dip[20]     |led[0]         |   16.429|
io_dip[20]     |led[1]         |   14.578|
io_dip[20]     |led[2]         |   15.209|
io_dip[20]     |led[3]         |   14.579|
io_dip[20]     |led[4]         |   14.931|
io_dip[20]     |led[5]         |   14.833|
io_dip[20]     |led[6]         |   14.394|
io_dip[20]     |led[7]         |   14.005|
io_dip[21]     |io_led[21]     |   11.533|
io_dip[21]     |led[0]         |   17.677|
io_dip[21]     |led[1]         |   16.267|
io_dip[21]     |led[2]         |   15.915|
io_dip[21]     |led[3]         |   16.120|
io_dip[21]     |led[4]         |   15.715|
io_dip[21]     |led[5]         |   16.051|
io_dip[21]     |led[6]         |   15.790|
io_dip[21]     |led[7]         |   15.642|
io_dip[22]     |io_led[22]     |   11.322|
io_dip[23]     |io_led[23]     |   10.477|
---------------+---------------+---------+


Analysis completed Fri Oct 21 14:20:45 2016 
--------------------------------------------------------------------------------

Trace Settings:
-------------------------
Trace Settings 

Peak Memory Usage: 218 MB



